// Jest Snapshot v1, https://goo.gl/fbAQLP

exports[`Alert Component should render an alert component with a given state 1`] = `
<transition-stub
  name="nitrozen-alert"
>
  <div
    class="n-alert n-alert-info n-alert-full-width"
  >
    <div
      class="n-alert-content"
    >
      <div
        class="n-alert-icon-text-wrapper"
      >
        <div
          class="n-alert-icon"
        >
          <svg
            fill="none"
            height="26.67"
            preserveAspectRatio="none"
            viewBox="0 0 24 24"
            width="26.67"
            xmlns="http://www.w3.org/2000/svg"
          >
            <path
              d="M12 2C10.0222 2 8.08879 2.58649 6.4443 3.6853C4.79981 4.78412 3.51809 6.3459 2.76121 8.17317C2.00433 10.0004 1.8063 12.0111 2.19215 13.9509C2.578 15.8907 3.53041 17.6725 4.92894 19.0711C6.32746 20.4696 8.10929 21.422 10.0491 21.8079C11.9889 22.1937 13.9996 21.9957 15.8268 21.2388C17.6541 20.4819 19.2159 19.2002 20.3147 17.5557C21.4135 15.9112 22 13.9778 22 12C22 10.6868 21.7413 9.38642 21.2388 8.17317C20.7363 6.95991 19.9997 5.85752 19.0711 4.92893C18.1425 4.00035 17.0401 3.26375 15.8268 2.7612C14.6136 2.25866 13.3132 2 12 2ZM12 5.5C12.2967 5.5 12.5867 5.58797 12.8334 5.7528C13.08 5.91762 13.2723 6.15189 13.3858 6.42597C13.4994 6.70006 13.5291 7.00166 13.4712 7.29264C13.4133 7.58361 13.2704 7.85088 13.0607 8.06066C12.8509 8.27044 12.5836 8.4133 12.2926 8.47118C12.0017 8.52906 11.7001 8.49935 11.426 8.38582C11.1519 8.27229 10.9176 8.08003 10.7528 7.83336C10.588 7.58668 10.5 7.29667 10.5 7C10.5 6.60218 10.658 6.22064 10.9393 5.93934C11.2206 5.65804 11.6022 5.5 12 5.5ZM14 17.5H10C9.73479 17.5 9.48043 17.3946 9.2929 17.2071C9.10536 17.0196 9 16.7652 9 16.5C9 16.2348 9.10536 15.9804 9.2929 15.7929C9.48043 15.6054 9.73479 15.5 10 15.5H11V12.5H10C9.73479 12.5 9.48043 12.3946 9.2929 12.2071C9.10536 12.0196 9 11.7652 9 11.5C9 11.2348 9.10536 10.9804 9.2929 10.7929C9.48043 10.6054 9.73479 10.5 10 10.5H12C12.2652 10.5 12.5196 10.6054 12.7071 10.7929C12.8946 10.9804 13 11.2348 13 11.5V15.5H14C14.2652 15.5 14.5196 15.6054 14.7071 15.7929C14.8946 15.9804 15 16.2348 15 16.5C15 16.7652 14.8946 17.0196 14.7071 17.2071C14.5196 17.3946 14.2652 17.5 14 17.5Z"
              fill="#3535F3"
              id="info"
            />
          </svg>
        </div>
         
        <!---->
         
      </div>
       
      <!---->
    </div>
  </div>
</transition-stub>
`;
